// Jest Snapshot v1, https://goo.gl/fbAQLP

exports[`Toggle should match snapshot 1`] = `
.emotion-0 {
  line-height: 1em;
  height: 20px;
}

<select
  class="emotion-0 emotion-1"
>
  <option>
    --
  </option>
</select>
`;
