// Jest Snapshot v1, https://goo.gl/fbAQLP

exports[`H1 should match snapshot 1`] = `
.emotion-0 {
  font-size: 2em;
  margin-bottom: 0.25em;
}

<h1
  class="emotion-0 emotion-1"
/>
`;
