// Jest Snapshot v1, https://goo.gl/fbAQLP

exports[`FeaturePage should match snapshot 1`] = `
.emotion-0 {
  font-family: Georgia,Times,'Times New Roman',serif;
  padding-left: 1.75em;
}

.emotion-2 {
  margin: 1em 0;
}

.emotion-4 {
  font-weight: bold;
}

<article>
  <h1>
    Features
  </h1>
  <ul
    class="emotion-0 emotion-1"
  >
    <li
      class="emotion-2 emotion-3"
    >
      <p
        class="emotion-4 emotion-5"
      >
        Quick scaffolding
      </p>
      <p>
        Automate the creation of components, containers, routes, selectors
  and sagas - and their tests - right from the CLI!
      </p>
    </li>
    <li
      class="emotion-2 emotion-3"
    >
      <p
        class="emotion-4 emotion-5"
      >
        Instant feedback
      </p>
      <p>
        
      Enjoy the best DX and code your app at the speed of thought! Your
    saved changes to the CSS and JS are reflected instantaneously
    without refreshing the page. Preserve application state even when
    you update something in the underlying code!
    
      </p>
    </li>
    <li
      class="emotion-2 emotion-3"
    >
      <p
        class="emotion-4 emotion-5"
      >
        Industry-standard routing
      </p>
      <p>
        
      Write composable CSS that's co-located with your components for
    complete modularity. Unique generated class names keep the
    specificity low while eliminating style clashes. Ship only the
    styles that are on the page for the best performance.
    
      </p>
    </li>
    <li
      class="emotion-2 emotion-3"
    >
      <p
        class="emotion-4 emotion-5"
      >
        Offline-first
      </p>
      <p>
        
      The next frontier in performant web apps: availability without a
      network connection from the instant your users load the app.
    
      </p>
    </li>
    <li
      class="emotion-2 emotion-3"
    >
      <p
        class="emotion-4 emotion-5"
      >
        Complete i18n Standard Internationalization & Pluralization
      </p>
      <p>
        Scalable apps need to support multiple languages, easily add and support multiple languages with \`react-intl\`.
      </p>
    </li>
  </ul>
</article>
`;
