// Jest Snapshot v1, https://goo.gl/fbAQLP

exports[`LoadingIndicator should match the snapshot 1`] = `
@keyframes animation-0 {
  0%, 39%, 100% {
    opacity: 0;
  }

  40% {
    opacity: 1;
  }
}

@keyframes animation-0 {
  0%, 39%, 100% {
    opacity: 0;
  }

  40% {
    opacity: 1;
  }
}

@keyframes animation-0 {
  0%, 39%, 100% {
    opacity: 0;
  }

  40% {
    opacity: 1;
  }
}

@keyframes animation-0 {
  0%, 39%, 100% {
    opacity: 0;
  }

  40% {
    opacity: 1;
  }
}

@keyframes animation-0 {
  0%, 39%, 100% {
    opacity: 0;
  }

  40% {
    opacity: 1;
  }
}

@keyframes animation-0 {
  0%, 39%, 100% {
    opacity: 0;
  }

  40% {
    opacity: 1;
  }
}

@keyframes animation-0 {
  0%, 39%, 100% {
    opacity: 0;
  }

  40% {
    opacity: 1;
  }
}

@keyframes animation-0 {
  0%, 39%, 100% {
    opacity: 0;
  }

  40% {
    opacity: 1;
  }
}

@keyframes animation-0 {
  0%, 39%, 100% {
    opacity: 0;
  }

  40% {
    opacity: 1;
  }
}

@keyframes animation-0 {
  0%, 39%, 100% {
    opacity: 0;
  }

  40% {
    opacity: 1;
  }
}

@keyframes animation-0 {
  0%, 39%, 100% {
    opacity: 0;
  }

  40% {
    opacity: 1;
  }
}

@keyframes animation-0 {
  0%, 39%, 100% {
    opacity: 0;
  }

  40% {
    opacity: 1;
  }
}

.emotion-24 {
  margin: 2em auto;
  width: 40px;
  height: 40px;
  position: relative;
}

.emotion-0 {
  width: 100%;
  height: 100%;
  position: absolute;
  left: 0;
  top: 0;
}

0 .emotion-0:before {
  content: '';
  display: block;
  margin: 0 auto;
  width: 15%;
  height: 15%;
  background-color: #999;
  border-radius: 100%;
  -webkit-animation: animation-0 1.2s infinite ease-in-out both;
  animation: animation-0 1.2s infinite ease-in-out both;
}

.emotion-2 {
  width: 100%;
  height: 100%;
  position: absolute;
  left: 0;
  top: 0;
  -webkit-transform: rotate(30deg);
  -ms-transform: rotate(30deg);
  -webkit-transform: rotate(30deg);
  -ms-transform: rotate(30deg);
  transform: rotate(30deg);
}

.emotion-2:before {
  content: '';
  display: block;
  margin: 0 auto;
  width: 15%;
  height: 15%;
  background-color: #999;
  border-radius: 100%;
  -webkit-animation: animation-0 1.2s infinite ease-in-out both;
  animation: animation-0 1.2s infinite ease-in-out both;
  -webkit-animation-delay: -1.1s;
  -webkit-animation-delay: -1.1s;
  animation-delay: -1.1s;
}

.emotion-4 {
  width: 100%;
  height: 100%;
  position: absolute;
  left: 0;
  top: 0;
  -webkit-transform: rotate(60deg);
  -ms-transform: rotate(60deg);
  -webkit-transform: rotate(60deg);
  -ms-transform: rotate(60deg);
  transform: rotate(60deg);
}

.emotion-4:before {
  content: '';
  display: block;
  margin: 0 auto;
  width: 15%;
  height: 15%;
  background-color: #999;
  border-radius: 100%;
  -webkit-animation: animation-0 1.2s infinite ease-in-out both;
  animation: animation-0 1.2s infinite ease-in-out both;
  -webkit-animation-delay: -1s;
  -webkit-animation-delay: -1s;
  animation-delay: -1s;
}

.emotion-6 {
  width: 100%;
  height: 100%;
  position: absolute;
  left: 0;
  top: 0;
  -webkit-transform: rotate(90deg);
  -ms-transform: rotate(90deg);
  -webkit-transform: rotate(90deg);
  -ms-transform: rotate(90deg);
  transform: rotate(90deg);
}

.emotion-6:before {
  content: '';
  display: block;
  margin: 0 auto;
  width: 15%;
  height: 15%;
  background-color: #999;
  border-radius: 100%;
  -webkit-animation: animation-0 1.2s infinite ease-in-out both;
  animation: animation-0 1.2s infinite ease-in-out both;
  -webkit-animation-delay: -0.9s;
  -webkit-animation-delay: -0.9s;
  animation-delay: -0.9s;
}

.emotion-8 {
  width: 100%;
  height: 100%;
  position: absolute;
  left: 0;
  top: 0;
  -webkit-transform: rotate(120deg);
  -ms-transform: rotate(120deg);
  -webkit-transform: rotate(120deg);
  -ms-transform: rotate(120deg);
  transform: rotate(120deg);
}

.emotion-8:before {
  content: '';
  display: block;
  margin: 0 auto;
  width: 15%;
  height: 15%;
  background-color: #999;
  border-radius: 100%;
  -webkit-animation: animation-0 1.2s infinite ease-in-out both;
  animation: animation-0 1.2s infinite ease-in-out both;
  -webkit-animation-delay: -0.8s;
  -webkit-animation-delay: -0.8s;
  animation-delay: -0.8s;
}

.emotion-10 {
  width: 100%;
  height: 100%;
  position: absolute;
  left: 0;
  top: 0;
  -webkit-transform: rotate(150deg);
  -ms-transform: rotate(150deg);
  -webkit-transform: rotate(150deg);
  -ms-transform: rotate(150deg);
  transform: rotate(150deg);
}

.emotion-10:before {
  content: '';
  display: block;
  margin: 0 auto;
  width: 15%;
  height: 15%;
  background-color: #999;
  border-radius: 100%;
  -webkit-animation: animation-0 1.2s infinite ease-in-out both;
  animation: animation-0 1.2s infinite ease-in-out both;
  -webkit-animation-delay: -0.7s;
  -webkit-animation-delay: -0.7s;
  animation-delay: -0.7s;
}

.emotion-12 {
  width: 100%;
  height: 100%;
  position: absolute;
  left: 0;
  top: 0;
  -webkit-transform: rotate(180deg);
  -ms-transform: rotate(180deg);
  -webkit-transform: rotate(180deg);
  -ms-transform: rotate(180deg);
  transform: rotate(180deg);
}

.emotion-12:before {
  content: '';
  display: block;
  margin: 0 auto;
  width: 15%;
  height: 15%;
  background-color: #999;
  border-radius: 100%;
  -webkit-animation: animation-0 1.2s infinite ease-in-out both;
  animation: animation-0 1.2s infinite ease-in-out both;
  -webkit-animation-delay: -0.6s;
  -webkit-animation-delay: -0.6s;
  animation-delay: -0.6s;
}

.emotion-14 {
  width: 100%;
  height: 100%;
  position: absolute;
  left: 0;
  top: 0;
  -webkit-transform: rotate(210deg);
  -ms-transform: rotate(210deg);
  -webkit-transform: rotate(210deg);
  -ms-transform: rotate(210deg);
  transform: rotate(210deg);
}

.emotion-14:before {
  content: '';
  display: block;
  margin: 0 auto;
  width: 15%;
  height: 15%;
  background-color: #999;
  border-radius: 100%;
  -webkit-animation: animation-0 1.2s infinite ease-in-out both;
  animation: animation-0 1.2s infinite ease-in-out both;
  -webkit-animation-delay: -0.5s;
  -webkit-animation-delay: -0.5s;
  animation-delay: -0.5s;
}

.emotion-16 {
  width: 100%;
  height: 100%;
  position: absolute;
  left: 0;
  top: 0;
  -webkit-transform: rotate(240deg);
  -ms-transform: rotate(240deg);
  -webkit-transform: rotate(240deg);
  -ms-transform: rotate(240deg);
  transform: rotate(240deg);
}

.emotion-16:before {
  content: '';
  display: block;
  margin: 0 auto;
  width: 15%;
  height: 15%;
  background-color: #999;
  border-radius: 100%;
  -webkit-animation: animation-0 1.2s infinite ease-in-out both;
  animation: animation-0 1.2s infinite ease-in-out both;
  -webkit-animation-delay: -0.4s;
  -webkit-animation-delay: -0.4s;
  animation-delay: -0.4s;
}

.emotion-18 {
  width: 100%;
  height: 100%;
  position: absolute;
  left: 0;
  top: 0;
  -webkit-transform: rotate(270deg);
  -ms-transform: rotate(270deg);
  -webkit-transform: rotate(270deg);
  -ms-transform: rotate(270deg);
  transform: rotate(270deg);
}

.emotion-18:before {
  content: '';
  display: block;
  margin: 0 auto;
  width: 15%;
  height: 15%;
  background-color: #999;
  border-radius: 100%;
  -webkit-animation: animation-0 1.2s infinite ease-in-out both;
  animation: animation-0 1.2s infinite ease-in-out both;
  -webkit-animation-delay: -0.3s;
  -webkit-animation-delay: -0.3s;
  animation-delay: -0.3s;
}

.emotion-20 {
  width: 100%;
  height: 100%;
  position: absolute;
  left: 0;
  top: 0;
  -webkit-transform: rotate(300deg);
  -ms-transform: rotate(300deg);
  -webkit-transform: rotate(300deg);
  -ms-transform: rotate(300deg);
  transform: rotate(300deg);
}

.emotion-20:before {
  content: '';
  display: block;
  margin: 0 auto;
  width: 15%;
  height: 15%;
  background-color: #999;
  border-radius: 100%;
  -webkit-animation: animation-0 1.2s infinite ease-in-out both;
  animation: animation-0 1.2s infinite ease-in-out both;
  -webkit-animation-delay: -0.2s;
  -webkit-animation-delay: -0.2s;
  animation-delay: -0.2s;
}

.emotion-22 {
  width: 100%;
  height: 100%;
  position: absolute;
  left: 0;
  top: 0;
  -webkit-transform: rotate(330deg);
  -ms-transform: rotate(330deg);
  -webkit-transform: rotate(330deg);
  -ms-transform: rotate(330deg);
  transform: rotate(330deg);
}

.emotion-22:before {
  content: '';
  display: block;
  margin: 0 auto;
  width: 15%;
  height: 15%;
  background-color: #999;
  border-radius: 100%;
  -webkit-animation: animation-0 1.2s infinite ease-in-out both;
  animation: animation-0 1.2s infinite ease-in-out both;
  -webkit-animation-delay: -0.1s;
  -webkit-animation-delay: -0.1s;
  animation-delay: -0.1s;
}

<div
  class="emotion-24 emotion-25"
>
  <div
    class="emotion-0 emotion-1"
  />
  <div
    class="emotion-2 emotion-1"
  />
  <div
    class="emotion-4 emotion-1"
  />
  <div
    class="emotion-6 emotion-1"
  />
  <div
    class="emotion-8 emotion-1"
  />
  <div
    class="emotion-10 emotion-1"
  />
  <div
    class="emotion-12 emotion-1"
  />
  <div
    class="emotion-14 emotion-1"
  />
  <div
    class="emotion-16 emotion-1"
  />
  <div
    class="emotion-18 emotion-1"
  />
  <div
    class="emotion-20 emotion-1"
  />
  <div
    class="emotion-22 emotion-1"
  />
</div>
`;
