// Jest Snapshot v1, https://goo.gl/fbAQLP

exports[`<FeaturePage /> should match snapshot 1`] = `
.c0 {
  font-family: Georgia,Times,'Times New Roman',serif;
  padding-left: 1.75em;
}

.c1 {
  margin: 1em 0;
}

.c2 {
  font-weight: bold;
}

<div>
  <h1>
    Features
  </h1>
  <ul
    class="c0"
  >
    <li
      class="c1"
    >
      <p
        class="c2"
      >
        Quick scaffolding
      </p>
      <p>
        Automate the creation of components, containers, routes, selectors
  and sagas - and their tests - right from the CLI!
      </p>
    </li>
    s
    <li
      class="c1"
    >
      <p
        class="c2"
      >
        Industry-standard routing
      </p>
      <p>
        
      Write composable CSS that's co-located with your components for
    complete modularity. Unique generated class names keep the
    specificity low while eliminating style clashes. Ship only the
    styles that are on the page for the best performance.
    
      </p>
    </li>
    <li
      class="c1"
    >
      <p
        class="c2"
      >
        Offline-first
      </p>
      <p>
        
      The next frontier in performant web apps: availability without a
      network connection from the instant your users load the app.
    
      </p>
    </li>
    <li
      class="c1"
    >
      <p
        class="c2"
      >
        Complete i18n Standard Internationalization & Pluralization
      </p>
      <p>
        Scalable apps need to support multiple languages, easily add and support multiple languages with \`react-intl\`.
      </p>
    </li>
  </ul>
</div>
`;
