// Jest Snapshot v1, https://goo.gl/fbAQLP

exports[`Wrapper should match snapshot 1`] = `
.emotion-0 {
  padding: 2px;
}

<div
  class="emotion-0 emotion-1"
/>
`;
