// Jest Snapshot v1, https://goo.gl/fbAQLP

exports[`<ActionSubscription.Provider /> should match the snapshot 1`] = `
<ContextProvider
  value={
    Object {
      "addSubscriber": [Function],
      "removeSubscriber": [Function],
    }
  }
>
  <Child />
</ContextProvider>
`;
