// Jest Snapshot v1, https://goo.gl/fbAQLP

exports[`Img should match snapshot 1`] = `
<img
  alt="test"
  class="test-class"
  src="test.png"
/>
`;
