// Jest Snapshot v1, https://goo.gl/fbAQLP

exports[`Img should match snapshot 1`] = `
.emotion-0 {
  width: 100%;
  margin: 0 auto;
  display: block;
}

<img
  alt="test"
  class="emotion-0 emotion-1"
  src="http://example.com/test.jpg"
/>
`;
