// Jest Snapshot v1, https://goo.gl/fbAQLP

exports[`Header should match snapshot 1`] = `
.c0 {
  color: #41addd;
  padding: 2em 0;
}

.c0:hover {
  color: #6cc0e5;
}

.c1 {
  width: 100%;
  margin: 0 auto;
  display: block;
}

.c2 {
  text-align: center;
}

.c3 {
  display: -webkit-inline-box;
  display: -webkit-inline-flex;
  display: -ms-inline-flexbox;
  display: inline-flex;
  padding: 0.25em 2em;
  margin: 1em;
  -webkit-text-decoration: none;
  text-decoration: none;
  border-radius: 4px;
  -webkit-font-smoothing: antialiased;
  -webkit-touch-callout: none;
  -webkit-user-select: none;
  -moz-user-select: none;
  -ms-user-select: none;
  user-select: none;
  cursor: pointer;
  outline: 0;
  font-family: 'Helvetica Neue',Helvetica,Arial,sans-serif;
  font-weight: bold;
  font-size: 16px;
  border: 2px solid #41addd;
  color: #41addd;
}

.c3:active {
  background: #41addd;
  color: #fff;
}

<div>
  <a
    class="c0"
    href="https://twitter.com/mxstbr"
  >
    <img
      alt="react-boilerplate - Logo"
      class="c1"
      src="IMAGE_MOCK"
    />
  </a>
  <div
    class="c2"
  >
    <a
      class="c3"
      href="/"
      to="/"
    >
      Home
    </a>
    <a
      class="c3"
      href="/features"
      to="/features"
    >
      Features
    </a>
  </div>
</div>
`;
