// Jest Snapshot v1, https://goo.gl/fbAQLP

exports[`Ul should match snapshot 1`] = `
.emotion-0 {
  list-style: none;
  margin: 0;
  width: 100%;
  max-height: 30em;
  overflow-y: auto;
  padding: 0 1em;
}

<ul
  class="emotion-0 emotion-1"
/>
`;
