// Jest Snapshot v1, https://goo.gl/fbAQLP

exports[`<Item /> should match snapshot 1`] = `
.c0 {
  display: -webkit-box;
  display: -webkit-flex;
  display: -ms-flexbox;
  display: flex;
  -webkit-box-pack: justify;
  -webkit-justify-content: space-between;
  -ms-flex-pack: justify;
  justify-content: space-between;
  width: 100%;
  height: 100%;
  -webkit-align-items: center;
  -webkit-box-align: center;
  -ms-flex-align: center;
  align-items: center;
}

<Item>
  <StyledComponent
    forwardedComponent={
      Object {
        "$$typeof": Symbol(react.forward_ref),
        "attrs": Array [],
        "componentStyle": ComponentStyle {
          "componentId": "Item-sc-3y9mie-0",
          "isStatic": false,
          "lastClassName": "c0",
          "rules": Array [
            "display:flex;justify-content:space-between;width:100%;height:100%;align-items:center;",
          ],
        },
        "displayName": "Item",
        "foldedComponentIds": Array [],
        "render": [Function],
        "styledComponentId": "Item-sc-3y9mie-0",
        "target": "div",
        "toString": [Function],
        "usesTheme": false,
        "warnTooManyClasses": [Function],
        "withComponent": [Function],
      }
    }
    forwardedRef={null}
  >
    <div
      className="c0"
    />
  </StyledComponent>
</Item>
`;
