// Jest Snapshot v1, https://goo.gl/fbAQLP

exports[`<Wrapper /> should match snapshot 1`] = `
.c0 {
  width: 100%;
  height: 3em;
  display: -webkit-box;
  display: -webkit-flex;
  display: -ms-flexbox;
  display: flex;
  -webkit-align-items: center;
  -webkit-box-align: center;
  -ms-flex-align: center;
  align-items: center;
  position: relative;
  border-top: 1px solid #eee;
}

.c0:first-child {
  border-top: none;
}

<Wrapper>
  <StyledComponent
    forwardedComponent={
      Object {
        "$$typeof": Symbol(react.forward_ref),
        "attrs": Array [],
        "componentStyle": ComponentStyle {
          "componentId": "Wrapper-euo0oy-0",
          "isStatic": false,
          "lastClassName": "c0",
          "rules": Array [
            "width:100%;height:3em;display:flex;align-items:center;position:relative;border-top:1px solid #eee;&:first-child{border-top:none;}",
          ],
        },
        "displayName": "Wrapper",
        "foldedComponentIds": Array [],
        "render": [Function],
        "styledComponentId": "Wrapper-euo0oy-0",
        "target": "li",
        "toString": [Function],
        "warnTooManyClasses": [Function],
        "withComponent": [Function],
      }
    }
    forwardedRef={null}
  >
    <li
      className="c0"
    />
  </StyledComponent>
</Wrapper>
`;
