// Jest Snapshot v1, https://goo.gl/fbAQLP

exports[`Form should match snapshot 1`] = `
.emotion-0 {
  margin-bottom: 1em;
}

<form
  class="emotion-0 emotion-1"
/>
`;
